Iniciando teste de Dep├│sito...
Conta Caixa resetada: {
  id: 31,
  name: 'Caixa Gaveta Teste',
  type: 'Caixa',
  bank_name: null,
  account_number: null,
  agency: null,
  initial_balance: '1000.00',
  current_balance: 1000,
  is_active: true,
  created_at: 2025-12-01T20:38:06.093Z,
  updated_at: 2025-12-01T20:38:06.093Z
}
Conta Banco resetada: {
  id: 32,
  name: 'Banco Teste',
  type: 'Banco',
  bank_name: null,
  account_number: null,
  agency: null,
  initial_balance: '0.00',
  current_balance: 0,
  is_active: true,
  created_at: 2025-12-01T20:38:06.232Z,
  updated_at: 2025-12-01T20:38:06.232Z
}
Criando dep├│sito de R$ 200 de Caixa para Banco...
npx : Erro no teste: 
error: new row for 
relation "financial_t
ransactions" 
violates check 
constraint "financial
_transactions_type_ch
eck"
No linha:1 
caractere:1
+ npx ts-node src/scr
ipts/test_deposit.ts 
> test_output.txt 
2>&1
+ ~~~~~~~~~~~~~~~~~~~
~~~~~~~~~~~~~~~~~~~~~
~~~~~~~~~~~~~~~~~~~~~
~
    + CategoryInfo   
           : NotSpe  
  cified: (Erro no   
  teste: ...ons_t    
ype_check":Strin    
g) [], RemoteExc    
eption
    + FullyQualified 
   ErrorId : Native  
  CommandError
 
    at C:\Users\Ronal
doPimentel\Downloads\
gas-distributor\backe
nd\node_modules\pg\li
b\client.js:545:17
    at processTicksAn
dRejections (node:int
ernal/process/task_qu
eues:95:5)
    at async Function
.createTransaction (C
:\Users\RonaldoPiment
el\Downloads\gas-dist
ributor\backend\src\m
odels\FinancialModel.
ts:254:28)
    at async 
testDeposit (C:\Users
\RonaldoPimentel\Down
loads\gas-distributor
\backend\src\scripts\
test_deposit.ts:46:29
) {
  length: 485,
  severity: 'ERROR',
  code: '23514',
  detail: 'Failing 
row contains (3, 
TRN1764610706708, 
Dep├│sito, null, 31, 
32, null, null, 
null, Dep├│sito 
Teste, 200.00, 
Dinheiro, 
2025-12-01, null, 
null, Pago, null, 
null, null, null, 
null, null, 1, 
2025-12-01 
17:38:27.913733, 
2025-12-01 
17:38:27.913733).',
  hint: undefined,
  position: 
undefined,
  internalPosition: 
undefined,
  internalQuery: 
undefined,
  where: undefined,
  schema: 'public',
  table: 'financial_t
ransactions',
  column: undefined,
  dataType: 
undefined,
  constraint: 'financ
ial_transactions_type
_check',
  file: 'execMain.c',
  line: '2074',
  routine: 
'ExecConstraints'
}
